\BOOKMARK [1][-]{section.1}{\376\377\144\130\211\201}{}% 1
\BOOKMARK [1][-]{section.2}{\376\377\137\025\212\000\377\032\123\117\172\013\211\343\121\263\166\204\146\057\173\111\137\205\145\271\137\017}{}% 2
\BOOKMARK [1][-]{section.3}{\376\377\136\166\123\321\142\147\210\114\147\072\122\066\116\072\117\125\157\024\217\333\122\060\123\117\172\013}{}% 3
\BOOKMARK [2][-]{subsection.3.1}{\376\377\116\316\217\333\172\013\060\001\176\277\172\013\122\060\116\213\116\366\137\252\163\257}{section.3}% 4
\BOOKMARK [2][-]{subsection.3.2}{\376\377\123\117\172\013\211\343\121\263\166\204\116\015\146\057\000\040\000`\000`\213\241\173\227\220\037\136\246\000'\000'\377\014\200\014\146\057\000\040\000`\000`\173\111\137\205\145\271\137\017\000'\000'}{section.3}% 5
\BOOKMARK [1][-]{section.4}{\376\377\123\117\172\013\166\204\133\232\116\111\060\001\122\006\174\173\116\016\136\225\134\102\147\072\122\066}{}% 6
\BOOKMARK [2][-]{subsection.4.1}{\376\377\133\232\116\111\116\016\137\303\146\172\152\041\127\213}{section.4}% 7
\BOOKMARK [2][-]{subsection.4.2}{\376\377\147\011\150\010\123\117\172\013\116\016\145\340\150\010\123\117\172\013}{section.4}% 8
\BOOKMARK [2][-]{subsection.4.3}{\376\377\145\340\150\010\123\117\172\013\377\032\177\026\213\321\126\150\165\037\142\020\162\266\140\001\147\072}{section.4}% 9
\BOOKMARK [2][-]{subsection.4.4}{\376\377\147\011\150\010\123\117\172\013\377\032\165\050\142\067\140\001\116\012\116\013\145\207\122\007\143\142}{section.4}% 10
\BOOKMARK [2][-]{subsection.4.5}{\376\377\147\057\213\355\217\271\165\114\377\032\123\117\172\013\060\001\176\277\172\013\060\001\000F\000u\000t\000u\000r\000e\000\040\116\016\000\040\000F\000i\000b\000e\000r}{section.4}% 11
\BOOKMARK [1][-]{section.5}{\376\377\116\073\155\101\213\355\212\000\145\057\143\001\133\371\153\324}{}% 12
\BOOKMARK [2][-]{subsection.5.1}{\376\377\147\011\150\010\123\117\172\013\213\355\212\000\377\032\000G\000o\000\040\116\016\000\040\000J\000a\000v\000a\000\040\0002\0001}{section.5}% 13
\BOOKMARK [2][-]{subsection.5.2}{\376\377\145\340\150\010\123\117\172\013\213\355\212\000\377\032\000C\000+\000+\0002\0000\060\001\000P\000y\000t\000h\000o\000n\060\001\000C\000\043\060\001\000R\000u\000s\000t}{section.5}% 14
\BOOKMARK [2][-]{subsection.5.3}{\376\377\217\320\210\114\145\366\116\016\144\315\117\134\174\373\176\337\166\204\123\117\124\014}{section.5}% 15
\BOOKMARK [2][-]{subsection.5.4}{\376\377\225\031\213\357\060\001\123\326\155\210\116\016\176\323\147\204\123\026\136\166\123\321}{section.5}% 16
\BOOKMARK [1][-]{section.6}{\376\377\133\236\232\214\213\276\213\241\116\016\176\323\147\234}{}% 17
\BOOKMARK [2][-]{subsection.6.1}{\376\377\133\236\232\214\163\257\130\203\116\016\145\271\154\325}{section.6}% 18
\BOOKMARK [2][-]{subsection.6.2}{\376\377\000I\000/\000O\000\040\133\306\226\306\127\213\176\323\147\234}{section.6}% 19
\BOOKMARK [2][-]{subsection.6.3}{\376\377\147\054\127\060\000\040\000T\000C\000P\000\040\000e\000c\000h\000o\377\032\122\240\121\145\167\037\133\236\000\040\000s\000o\000c\000k\000e\000t\000\040\137\000\225\000}{section.6}% 20
\BOOKMARK [2][-]{subsection.6.4}{\376\377\000C\000P\000U\000\040\133\306\226\306\127\213\116\016\122\007\143\142\137\000\225\000}{section.6}% 21
\BOOKMARK [2][-]{subsection.6.5}{\376\377\000J\000a\000v\000a\000\040\000v\000i\000r\000t\000u\000a\000l\000\040\000t\000h\000r\000e\000a\000d\000\040\000p\000i\000n\000n\000i\000n\000g\377\032\217\173\221\317\176\277\172\013\166\204\170\154\217\271\165\114}{section.6}% 22
\BOOKMARK [2][-]{subsection.6.6}{\376\377\121\205\133\130\117\177\165\050\133\371\153\324}{section.6}% 23
\BOOKMARK [2][-]{subsection.6.7}{\376\377\133\236\232\214\147\011\145\110\140\047\116\016\134\100\226\120\140\047}{section.6}% 24
\BOOKMARK [1][-]{section.7}{\376\377\220\011\127\213\136\372\213\256\116\016\140\073\176\323}{}% 25
\BOOKMARK [2][-]{subsection.7.1}{\376\377\220\011\127\213\136\372\213\256}{section.7}% 26
\BOOKMARK [2][-]{subsection.7.2}{\376\377\140\073\176\323}{section.7}% 27
\BOOKMARK [1][-]{section.8}{\376\377\000A\000I\000\040\117\177\165\050\213\364\146\016}{}% 28
